
> orb@0.1.0 build
> tsc --noEmit && vite build

vite v6.4.3 building for production...
transforming...
✓ 138 modules transformed.
rendering chunks...
[plugin vite:reporter] 
(!) /Users/thomas/work/paloma/sandboxed_sh-orb-client/orb/src/api.ts is dynamically imported by /Users/thomas/work/paloma/sandboxed_sh-orb-client/orb/src/projectContext.ts but also statically imported by /Users/thomas/work/paloma/sandboxed_sh-orb-client/orb/src/App.tsx, /Users/thomas/work/paloma/sandboxed_sh-orb-client/orb/src/ChangeMachine.tsx, /Users/thomas/work/paloma/sandboxed_sh-orb-client/orb/src/CloudAgents.tsx, /Users/thomas/work/paloma/sandboxed_sh-orb-client/orb/src/CloudModelPicker.tsx, /Users/thomas/work/paloma/sandboxed_sh-orb-client/orb/src/CloudProviders.tsx, /Users/thomas/work/paloma/sandboxed_sh-orb-client/orb/src/ContextBadge.tsx, /Users/thomas/work/paloma/sandboxed_sh-orb-client/orb/src/Controller.tsx, /Users/thomas/work/paloma/sandboxed_sh-orb-client/orb/src/ControllerSettings.tsx, /Users/thomas/work/paloma/sandboxed_sh-orb-client/orb/src/ExecutionSettings.tsx, /Users/thomas/work/paloma/sandboxed_sh-orb-client/orb/src/FilePanel.tsx, /Users/thomas/work/paloma/sandboxed_sh-orb-client/orb/src/ForkMission.tsx, /Users/thomas/work/paloma/sandboxed_sh-orb-client/orb/src/Machines.tsx, /Users/thomas/work/paloma/sandboxed_sh-orb-client/orb/src/Markdown.tsx, /Users/thomas/work/paloma/sandboxed_sh-orb-client/orb/src/NativeInteraction.tsx, /Users/thomas/work/paloma/sandboxed_sh-orb-client/orb/src/PlanProgress.tsx, /Users/thomas/work/paloma/sandboxed_sh-orb-client/orb/src/ProjectFiles.tsx, /Users/thomas/work/paloma/sandboxed_sh-orb-client/orb/src/ProjectPicker.tsx, /Users/thomas/work/paloma/sandboxed_sh-orb-client/orb/src/ProjectSettings.tsx, /Users/thomas/work/paloma/sandboxed_sh-orb-client/orb/src/Providers.tsx, /Users/thomas/work/paloma/sandboxed_sh-orb-client/orb/src/RoutingSettings.tsx, /Users/thomas/work/paloma/sandboxed_sh-orb-client/orb/src/Settings.tsx, /Users/thomas/work/paloma/sandboxed_sh-orb-client/orb/src/SideQuestionPanel.tsx, /Users/thomas/work/paloma/sandboxed_sh-orb-client/orb/src/SteerComposer.tsx, /Users/thomas/work/paloma/sandboxed_sh-orb-client/orb/src/attach.tsx, /Users/thomas/work/paloma/sandboxed_sh-orb-client/orb/src/btwAgent.ts, /Users/thomas/work/paloma/sandboxed_sh-orb-client/orb/src/btwContext.ts, /Users/thomas/work/paloma/sandboxed_sh-orb-client/orb/src/clientRuns.ts, /Users/thomas/work/paloma/sandboxed_sh-orb-client/orb/src/cloudAgentApi.ts, /Users/thomas/work/paloma/sandboxed_sh-orb-client/orb/src/defaultProject.ts, /Users/thomas/work/paloma/sandboxed_sh-orb-client/orb/src/fileActions.ts, /Users/thomas/work/paloma/sandboxed_sh-orb-client/orb/src/fileResources.ts, /Users/thomas/work/paloma/sandboxed_sh-orb-client/orb/src/folderLabels.ts, /Users/thomas/work/paloma/sandboxed_sh-orb-client/orb/src/imageAttachments.ts, /Users/thomas/work/paloma/sandboxed_sh-orb-client/orb/src/localAgents.ts, /Users/thomas/work/paloma/sandboxed_sh-orb-client/orb/src/localMessageQueue.ts, /Users/thomas/work/paloma/sandboxed_sh-orb-client/orb/src/localOrigins.ts, /Users/thomas/work/paloma/sandboxed_sh-orb-client/orb/src/machineDestinations.ts, /Users/thomas/work/paloma/sandboxed_sh-orb-client/orb/src/machineTransfer.ts, /Users/thomas/work/paloma/sandboxed_sh-orb-client/orb/src/missionAttention.ts, /Users/thomas/work/paloma/sandboxed_sh-orb-client/orb/src/missionCache.ts, /Users/thomas/work/paloma/sandboxed_sh-orb-client/orb/src/missionLaunch.tsx, /Users/thomas/work/paloma/sandboxed_sh-orb-client/orb/src/missionMove.ts, /Users/thomas/work/paloma/sandboxed_sh-orb-client/orb/src/projectAppearance.ts, /Users/thomas/work/paloma/sandboxed_sh-orb-client/orb/src/projectContext.ts, /Users/thomas/work/paloma/sandboxed_sh-orb-client/orb/src/resourceCache.ts, /Users/thomas/work/paloma/sandboxed_sh-orb-client/orb/src/routingApi.ts, /Users/thomas/work/paloma/sandboxed_sh-orb-client/orb/src/sideQuestionClient.ts, /Users/thomas/work/paloma/sandboxed_sh-orb-client/orb/src/sideQuestionStorage.ts, /Users/thomas/work/paloma/sandboxed_sh-orb-client/orb/src/softwareInventory.ts, /Users/thomas/work/paloma/sandboxed_sh-orb-client/orb/src/stream.ts, /Users/thomas/work/paloma/sandboxed_sh-orb-client/orb/src/uploads.ts, dynamic import will not move module into another chunk.

[plugin vite:reporter] 
(!) /Users/thomas/work/paloma/sandboxed_sh-orb-client/orb/src/clientRuns.ts is dynamically imported by /Users/thomas/work/paloma/sandboxed_sh-orb-client/orb/src/api.ts, /Users/thomas/work/paloma/sandboxed_sh-orb-client/orb/src/api.ts but also statically imported by /Users/thomas/work/paloma/sandboxed_sh-orb-client/orb/src/ChangeMachine.tsx, /Users/thomas/work/paloma/sandboxed_sh-orb-client/orb/src/ContextBadge.tsx, /Users/thomas/work/paloma/sandboxed_sh-orb-client/orb/src/localAgents.ts, /Users/thomas/work/paloma/sandboxed_sh-orb-client/orb/src/localOrigins.ts, /Users/thomas/work/paloma/sandboxed_sh-orb-client/orb/src/machineTransfer.ts, /Users/thomas/work/paloma/sandboxed_sh-orb-client/orb/src/projectContext.ts, dynamic import will not move module into another chunk.

[plugin vite:reporter] 
(!) /Users/thomas/work/paloma/sandboxed_sh-orb-client/orb/src/projectContext.ts is dynamically imported by /Users/thomas/work/paloma/sandboxed_sh-orb-client/orb/src/api.ts, /Users/thomas/work/paloma/sandboxed_sh-orb-client/orb/src/api.ts, /Users/thomas/work/paloma/sandboxed_sh-orb-client/orb/src/api.ts, /Users/thomas/work/paloma/sandboxed_sh-orb-client/orb/src/api.ts but also statically imported by /Users/thomas/work/paloma/sandboxed_sh-orb-client/orb/src/ContextBadge.tsx, /Users/thomas/work/paloma/sandboxed_sh-orb-client/orb/src/ContextHistory.tsx, /Users/thomas/work/paloma/sandboxed_sh-orb-client/orb/src/ProjectFiles.tsx, /Users/thomas/work/paloma/sandboxed_sh-orb-client/orb/src/attach.tsx, /Users/thomas/work/paloma/sandboxed_sh-orb-client/orb/src/fileActions.ts, dynamic import will not move module into another chunk.

[plugin vite:reporter] 
(!) /Users/thomas/work/paloma/sandboxed_sh-orb-client/orb/src/localAgents.ts is dynamically imported by /Users/thomas/work/paloma/sandboxed_sh-orb-client/orb/src/App.tsx, /Users/thomas/work/paloma/sandboxed_sh-orb-client/orb/src/App.tsx, /Users/thomas/work/paloma/sandboxed_sh-orb-client/orb/src/btwAgent.ts, /Users/thomas/work/paloma/sandboxed_sh-orb-client/orb/src/btwContext.ts but also statically imported by /Users/thomas/work/paloma/sandboxed_sh-orb-client/orb/src/App.tsx, /Users/thomas/work/paloma/sandboxed_sh-orb-client/orb/src/ChangeMachine.tsx, /Users/thomas/work/paloma/sandboxed_sh-orb-client/orb/src/SessionPreview.tsx, /Users/thomas/work/paloma/sandboxed_sh-orb-client/orb/src/Settings.tsx, /Users/thomas/work/paloma/sandboxed_sh-orb-client/orb/src/btwAgent.ts, /Users/thomas/work/paloma/sandboxed_sh-orb-client/orb/src/fileResources.ts, /Users/thomas/work/paloma/sandboxed_sh-orb-client/orb/src/imageAttachments.ts, /Users/thomas/work/paloma/sandboxed_sh-orb-client/orb/src/localMessageQueue.ts, /Users/thomas/work/paloma/sandboxed_sh-orb-client/orb/src/machineTransfer.ts, /Users/thomas/work/paloma/sandboxed_sh-orb-client/orb/src/softwareInventory.ts, dynamic import will not move module into another chunk.

computing gzip size...
dist/index.html                                           0.37 kB │ gzip:   0.26 kB
dist/assets/KaTeX_Size3-Regular-CTq5MqoE.woff             4.42 kB
dist/assets/KaTeX_Size4-Regular-Dl5lxZxV.woff2            4.93 kB
dist/assets/KaTeX_Size2-Regular-Dy4dx90m.woff2            5.21 kB
dist/assets/KaTeX_Size1-Regular-mCD8mA8B.woff2            5.47 kB
dist/assets/KaTeX_Size4-Regular-BF-4gkZK.woff             5.98 kB
dist/assets/KaTeX_Size2-Regular-oD1tc_U0.woff             6.19 kB
dist/assets/KaTeX_Size1-Regular-C195tn64.woff             6.50 kB
dist/assets/KaTeX_Caligraphic-Regular-Di6jR-x-.woff2      6.91 kB
dist/assets/KaTeX_Caligraphic-Bold-Dq_IR9rO.woff2         6.91 kB
dist/assets/KaTeX_Size3-Regular-DgpXs0kz.ttf              7.59 kB
dist/assets/KaTeX_Caligraphic-Regular-CTRA-rTL.woff       7.66 kB
dist/assets/KaTeX_Caligraphic-Bold-BEiXGLvX.woff          7.72 kB
dist/assets/KaTeX_Script-Regular-D3wIWfF6.woff2           9.64 kB
dist/assets/KaTeX_SansSerif-Regular-DDBCnlJ7.woff2       10.34 kB
dist/assets/KaTeX_Size4-Regular-DWFBv043.ttf             10.36 kB
dist/assets/KaTeX_Script-Regular-D5yQViql.woff           10.59 kB
dist/assets/KaTeX_Fraktur-Regular-CTYiF6lA.woff2         11.32 kB
dist/assets/KaTeX_Fraktur-Bold-CL6g_b3V.woff2            11.35 kB
dist/assets/KaTeX_Size2-Regular-B7gKUWhC.ttf             11.51 kB
dist/assets/KaTeX_SansSerif-Italic-C3H0VqGB.woff2        12.03 kB
dist/assets/KaTeX_SansSerif-Bold-D1sUS0GD.woff2          12.22 kB
dist/assets/KaTeX_Size1-Regular-Dbsnue_I.ttf             12.23 kB
dist/assets/KaTeX_SansSerif-Regular-CS6fqUqJ.woff        12.32 kB
dist/assets/KaTeX_Caligraphic-Regular-wX97UBjC.ttf       12.34 kB
dist/assets/KaTeX_Caligraphic-Bold-ATXxdsX0.ttf          12.37 kB
dist/assets/KaTeX_Fraktur-Regular-Dxdc4cR9.woff          13.21 kB
dist/assets/KaTeX_Fraktur-Bold-BsDP51OF.woff             13.30 kB
dist/assets/KaTeX_Typewriter-Regular-CO6r4hn1.woff2      13.57 kB
dist/assets/KaTeX_SansSerif-Italic-DN2j7dab.woff         14.11 kB
dist/assets/KaTeX_SansSerif-Bold-DbIhKOiC.woff           14.41 kB
dist/assets/KaTeX_Typewriter-Regular-C0xS9mPB.woff       16.03 kB
dist/assets/KaTeX_Math-BoldItalic-CZnvNsCZ.woff2         16.40 kB
dist/assets/KaTeX_Math-Italic-t53AETM-.woff2             16.44 kB
dist/assets/KaTeX_Script-Regular-C5JkGWo-.ttf            16.65 kB
dist/assets/KaTeX_Main-BoldItalic-DxDJ3AOS.woff2         16.78 kB
dist/assets/KaTeX_Main-Italic-NWA7e6Wa.woff2             16.99 kB
dist/assets/KaTeX_Math-BoldItalic-iY-2wyZ7.woff          18.67 kB
dist/assets/KaTeX_Math-Italic-DA0__PXp.woff              18.75 kB
dist/assets/KaTeX_Main-BoldItalic-SpSLRI95.woff          19.41 kB
dist/assets/KaTeX_SansSerif-Regular-BNo7hRIc.ttf         19.44 kB
dist/assets/KaTeX_Fraktur-Regular-CB_wures.ttf           19.57 kB
dist/assets/KaTeX_Fraktur-Bold-BdnERNNW.ttf              19.58 kB
dist/assets/KaTeX_Main-Italic-BMLOBm91.woff              19.68 kB
dist/assets/KaTeX_SansSerif-Italic-YYjJ1zSn.ttf          22.36 kB
dist/assets/KaTeX_SansSerif-Bold-CFMepnvq.ttf            24.50 kB
dist/assets/KaTeX_Main-Bold-Cx986IdX.woff2               25.32 kB
dist/assets/KaTeX_Main-Regular-B22Nviop.woff2            26.27 kB
dist/assets/KaTeX_Typewriter-Regular-D3Ib7_Hf.ttf        27.56 kB
dist/assets/KaTeX_AMS-Regular-BQhdFMY1.woff2             28.08 kB
dist/assets/KaTeX_Main-Bold-Jm3AIy58.woff                29.91 kB
dist/assets/KaTeX_Main-Regular-Dr94JaBh.woff             30.77 kB
dist/assets/KaTeX_Math-BoldItalic-B3XSjfu4.ttf           31.20 kB
dist/assets/KaTeX_Math-Italic-flOr_0UB.ttf               31.31 kB
dist/assets/KaTeX_Main-BoldItalic-DzxPMmG6.ttf           32.97 kB
dist/assets/KaTeX_AMS-Regular-DMm9YOAa.woff              33.52 kB
dist/assets/KaTeX_Main-Italic-3WenGoN9.ttf               33.58 kB
dist/assets/codeHighlight.worker-BYI3G8cN.js             46.94 kB
dist/assets/KaTeX_Main-Bold-waoOVXN0.ttf                 51.34 kB
dist/assets/KaTeX_Main-Regular-ypZvNtVU.ttf              53.58 kB
dist/assets/KaTeX_AMS-Regular-DRggAlZN.ttf               63.63 kB
dist/assets/pdf.worker.min-Dswkl-cV.mjs               1,265.41 kB
dist/assets/index-96U-XogQ.css                          176.71 kB │ gzip:  36.81 kB
dist/assets/localOrigins-VMAhdPJa.js                      0.44 kB │ gzip:   0.32 kB
dist/assets/index-C41tRJiy.js                             2.70 kB │ gzip:   1.37 kB
dist/assets/PdfPreview-J7Z_pmQN.js                      440.17 kB │ gzip: 132.36 kB
dist/assets/index-zUmVnbhA.js                           863.19 kB │ gzip: 274.34 kB

(!) Some chunks are larger than 500 kB after minification. Consider:
- Using dynamic import() to code-split the application
- Use build.rollupOptions.output.manualChunks to improve chunking: https://rollupjs.org/configuration-options/#output-manualchunks
- Adjust chunk size limit for this warning via build.chunkSizeWarningLimit.
✓ built in 3.28s
